[backtest-pit-v2] Strategy: pb_blake_2026_smc | signalSource: zone
[backtest-pit-v2] Mode: full | setupProfile: strict | setupFamily: zone_reversal | intrabar: sl_first
[backtest-pit-v2] Range: 2026-04-27 → 2026-07-26 (90 days)
[backtest-pit-v2] Warmup: 576 derived bars -> signals before 2026-04-29T04:54:00.000Z skipped
[backtest-pit-v2] Symbols: XAUUSD, EURUSD, GBPUSD

[backtest-pit-v2] DEGRADED data quality for XAUUSD: capability_STALE_STATE_features_bias@1h, capability_STALE_STATE_features_pricing@15m, capability_STALE_STATE_features_atr@5m, capability_PRODUCER_STALE_features_zone@1h, capability_PRODUCER_STALE_features_zone@15m, capability_PRODUCER_STALE_features_ifvg@5m, capability_PRODUCER_STALE_features_order_block@15m, capability_PRODUCER_STALE_EVENT_features_structure@1h, capability_PRODUCER_STALE_EVENT_features_structure@15m, capability_PRODUCER_STALE_EVENT_features_structure@5m | features_structure@1h=PRODUCER_STALE_EVENT, features_structure@15m=PRODUCER_STALE_EVENT, features_structure@5m=PRODUCER_STALE_EVENT
[backtest-pit-v2] DEGRADED data quality for EURUSD: capability_STALE_STATE_features_bias@1h, capability_STALE_STATE_features_pricing@15m, capability_STALE_STATE_features_atr@5m, capability_PRODUCER_STALE_features_zone@1h, capability_PRODUCER_STALE_features_zone@15m, capability_PRODUCER_STALE_features_ifvg@5m, capability_PRODUCER_STALE_features_order_block@15m, capability_PRODUCER_STALE_EVENT_features_structure@1h, capability_PRODUCER_STALE_EVENT_features_structure@15m, capability_PRODUCER_STALE_EVENT_features_structure@5m | features_structure@1h=PRODUCER_STALE_EVENT, features_structure@15m=PRODUCER_STALE_EVENT, features_structure@5m=PRODUCER_STALE_EVENT
[backtest-pit-v2] DEGRADED data quality for GBPUSD: capability_STALE_STATE_features_bias@1h, capability_STALE_STATE_features_pricing@15m, capability_STALE_STATE_features_atr@5m, capability_PRODUCER_STALE_features_zone@1h, capability_PRODUCER_STALE_features_zone@15m, capability_PRODUCER_STALE_features_ifvg@5m, capability_PRODUCER_STALE_features_order_block@15m, capability_PRODUCER_STALE_EVENT_features_structure@1h, capability_PRODUCER_STALE_EVENT_features_structure@15m, capability_PRODUCER_STALE_EVENT_features_structure@5m | features_structure@1h=PRODUCER_STALE_EVENT, features_structure@15m=PRODUCER_STALE_EVENT, features_structure@5m=PRODUCER_STALE_EVENT
XAUUSD: no signals
EURUSD: 44 raw signals (0 skipped for warmup, 1 invalid compiler geometry, 0 invalid setup geometry, 15 setup-engine BLOCK, 0 drift rejected, 0 deduped) | signal query 197ms | prefetch 807ms | setup-engine 4041ms | simulate 4046ms
  Setup evaluations: 43 persisted, 43 evaluated, 0 context-hash skips
  Executed: 27 | Drift rejected: 0 | Invalid outcomes: 0 | Timeouts: 0 | Skipped: 0 | Heat dropped: 1
  Setup-engine BLOCK reasons: No entry zone within 1.5 ATR of current price=15
  Wins: 10 | Losses: 17 | Timeouts: 0
  WR: 37.0% | Net R: -9.29 | Avg Win: 0.47R | Avg Loss: -0.82R
GBPUSD: 11 raw signals (0 skipped for warmup, 0 invalid compiler geometry, 0 invalid setup geometry, 7 setup-engine BLOCK, 0 drift rejected, 0 deduped) | signal query 144ms | prefetch 675ms | setup-engine 487ms | simulate 487ms
  Setup evaluations: 11 persisted, 11 evaluated, 0 context-hash skips
  Executed: 4 | Drift rejected: 0 | Invalid outcomes: 0 | Timeouts: 0 | Skipped: 0 | Heat dropped: 0
  Setup-engine BLOCK reasons: No entry zone within 1.5 ATR of current price=7
  Wins: 2 | Losses: 2 | Timeouts: 0
  WR: 50.0% | Net R: -0.03 | Avg Win: 0.49R | Avg Loss: -0.50R

AGGREGATE: Trades=31 WR=38.7% NetR=-9.32 RealizedR=-42.13 AvgDrift=9.85p
[backtest-pit-v2] Persisted 32 trades to backtest_results (run pb_blake_2026_smc-2026-04-27T04:54:00.000Z-2026-07-26T04:54:00.000Z-63b5adde)
[backtest-pit-v2] Heat post-pass: 1/32 trades dropped (run pb_blake_2026_smc-2026-04-27T04:54:00.000Z-2026-07-26T04:54:00.000Z-63b5adde)
