[backtest-pit-v2] Research spec file: C:\tradzfx-v2\packages\strategies\src\specs\waqar_v2_bst_corrected_7pair_shadow.yaml
[backtest-pit-v2] Strategy: waqar_v2_bst_corrected_7pair_shadow | signalSource: zone
[backtest-pit-v2] Mode: research | setupProfile: strict | setupFamily: zone_reversal | intrabar: sl_first
[backtest-pit-v2] Range: 2026-04-25 → 2026-07-24 (90 days)
[backtest-pit-v2] Warmup: 2880 derived bars -> signals before 2026-04-27T00:00:00.000Z skipped
[backtest-pit-v2] Symbols: EURUSD, GBPUSD, AUDUSD, NZDUSD, USDCAD, USDCHF, USDJPY

  [setup-cache] 54 persistent hits, 0 remaining for evaluation
EURUSD: 54 raw signals (0 skipped for warmup, 0 invalid compiler geometry, 0 invalid setup geometry, 11 setup-engine BLOCK, 31 drift rejected, 0 deduped) | signal query 211ms | prefetch 555ms | setup-engine 11ms | simulate 15ms
  Executed: 11 | Drift rejected: 31 | Invalid outcomes: 0 | Timeouts: 1 | Skipped: 0 | Heat dropped: 0
  Setup-engine BLOCK reasons: No entry zone within 1.5 ATR of current price=10, setup grade BLOCK=1
  Wins: 8 | Losses: 3 | Timeouts: 1
  WR: 72.7% | Net R: 19.44 | Avg Win: 2.81R | Avg Loss: -1.01R
  [setup-cache] 60 persistent hits, 0 remaining for evaluation
GBPUSD: 60 raw signals (0 skipped for warmup, 0 invalid compiler geometry, 0 invalid setup geometry, 10 setup-engine BLOCK, 39 drift rejected, 0 deduped) | signal query 266ms | prefetch 610ms | setup-engine 5ms | simulate 7ms
  Executed: 9 | Drift rejected: 39 | Invalid outcomes: 0 | Timeouts: 2 | Skipped: 0 | Heat dropped: 0
  Setup-engine BLOCK reasons: No entry zone within 1.5 ATR of current price=10
  Wins: 8 | Losses: 1 | Timeouts: 2
  WR: 88.9% | Net R: 20.96 | Avg Win: 2.79R | Avg Loss: -1.34R
  [setup-cache] 34 persistent hits, 0 remaining for evaluation
AUDUSD: 34 raw signals (0 skipped for warmup, 0 invalid compiler geometry, 0 invalid setup geometry, 2 setup-engine BLOCK, 22 drift rejected, 2 deduped) | signal query 100ms | prefetch 578ms | setup-engine 3ms | simulate 4ms
  Executed: 5 | Drift rejected: 22 | Invalid outcomes: 0 | Timeouts: 3 | Skipped: 0 | Heat dropped: 0
  Setup-engine BLOCK reasons: No entry zone within 1.5 ATR of current price=2
  Wins: 0 | Losses: 5 | Timeouts: 3
  WR: 0.0% | Net R: -4.58 | Avg Win: 0.00R | Avg Loss: -0.92R
  [setup-cache] 59 persistent hits, 0 remaining for evaluation
NZDUSD: 59 raw signals (0 skipped for warmup, 0 invalid compiler geometry, 0 invalid setup geometry, 20 setup-engine BLOCK, 32 drift rejected, 2 deduped) | signal query 105ms | prefetch 544ms | setup-engine 4ms | simulate 5ms
  Executed: 2 | Drift rejected: 32 | Invalid outcomes: 0 | Timeouts: 3 | Skipped: 0 | Heat dropped: 0
  Setup-engine BLOCK reasons: No entry zone within 1.5 ATR of current price=20
  Wins: 1 | Losses: 1 | Timeouts: 3
  WR: 50.0% | Net R: 1.98 | Avg Win: 2.78R | Avg Loss: -0.80R
  [setup-cache] 68 persistent hits, 0 remaining for evaluation
USDCAD: 68 raw signals (0 skipped for warmup, 0 invalid compiler geometry, 0 invalid setup geometry, 20 setup-engine BLOCK, 40 drift rejected, 0 deduped) | signal query 124ms | prefetch 550ms | setup-engine 3ms | simulate 4ms
  Executed: 7 | Drift rejected: 40 | Invalid outcomes: 0 | Timeouts: 1 | Skipped: 0 | Heat dropped: 0
  Setup-engine BLOCK reasons: No entry zone within 1.5 ATR of current price=20
  Wins: 2 | Losses: 5 | Timeouts: 1
  WR: 28.6% | Net R: 0.10 | Avg Win: 2.74R | Avg Loss: -1.08R
  [setup-cache] 50 persistent hits, 0 remaining for evaluation
USDCHF: 50 raw signals (0 skipped for warmup, 0 invalid compiler geometry, 0 invalid setup geometry, 7 setup-engine BLOCK, 32 drift rejected, 3 deduped) | signal query 109ms | prefetch 517ms | setup-engine 5ms | simulate 5ms
  Executed: 4 | Drift rejected: 32 | Invalid outcomes: 0 | Timeouts: 4 | Skipped: 0 | Heat dropped: 0
  Setup-engine BLOCK reasons: No entry zone within 1.5 ATR of current price=7
  Wins: 2 | Losses: 2 | Timeouts: 4
  WR: 50.0% | Net R: 3.28 | Avg Win: 2.73R | Avg Loss: -1.09R
  [setup-cache] 62 persistent hits, 0 remaining for evaluation
USDJPY: 62 raw signals (0 skipped for warmup, 0 invalid compiler geometry, 0 invalid setup geometry, 14 setup-engine BLOCK, 24 drift rejected, 5 deduped) | signal query 106ms | prefetch 485ms | setup-engine 3ms | simulate 4ms
  Executed: 14 | Drift rejected: 24 | Invalid outcomes: 0 | Timeouts: 5 | Skipped: 0 | Heat dropped: 0
  Setup-engine BLOCK reasons: No entry zone within 1.5 ATR of current price=14
  Wins: 11 | Losses: 3 | Timeouts: 5
  WR: 78.6% | Net R: 28.34 | Avg Win: 2.89R | Avg Loss: -1.15R
