◇ injected env (0) from .env.local // tip: ◈ secrets for agents [www.dotenvx.com]
[backtest-pit-v2] Strategy: scalper_20sma_1m | signalSource: zone
[backtest-pit-v2] Mode: fast | setupProfile: skip | setupFamily: trend_pullback | intrabar: sl_first
[backtest-pit-v2] Range: 2026-06-20 → 2026-07-20 (30 days)
[backtest-pit-v2] Warmup: 480 derived bars -> signals before 2026-06-20T08:00:00.000Z skipped
[backtest-pit-v2] Symbols: EURUSD


--- STDERR ---
[backtest-pit-v2] Fatal: error: canceling statement due to statement timeout
    at C:\tradzfx-v2\node_modules\.pnpm\pg-pool@3.14.0_pg@8.21.0\node_modules\pg-pool\index.js:45:11
    at process.processTicksAndRejections (node:internal/process/task_queues:103:5)
    at async main (C:\tradzfx-v2\scripts\backtest-pit-v2.js:2239:31) {
  length: 109,
  severity: 'ERROR',
  code: '57014',
  detail: undefined,
  hint: undefined,
  position: undefined,
  internalPosition: undefined,
  internalQuery: undefined,
  where: undefined,
  schema: undefined,
  table: undefined,
  column: undefined,
  dataType: undefined,
  constraint: undefined,
  file: 'postgres.c',
  line: '3407',
  routine: 'ProcessInterrupts'
}
