[backtest-pit-v2] Strategy: a_plus_orb_fvg_5m | signalSource: fvg
[backtest-pit-v2] Mode: full | setupProfile: strict | setupFamily: fvg_continuation | intrabar: sl_first
[backtest-pit-v2] Range: 2026-04-27 → 2026-07-26 (90 days)
[backtest-pit-v2] Warmup: 96 derived bars -> signals before 2026-04-27T09:39:00.000Z skipped
[backtest-pit-v2] Symbols: AUDUSD, EURUSD, GBPUSD, NZDUSD, USDCAD, USDCHF, USDJPY, USDSEK, XAUUSD

[backtest-pit-v2] BLOCKED_SYSTEM_QUALITY for AUDUSD: features_zone@5m=STALE(19.02h>2h) | features_bias@5m=STALE_STATE, features_pricing@5m=STALE_STATE, features_atr@5m=STALE_STATE, features_zone@5m=PRODUCER_STALE | lifecycle_stale_features_zone, capability_STALE_STATE_features_bias@5m, capability_STALE_STATE_features_pricing@5m, capability_STALE_STATE_features_atr@5m, capability_PRODUCER_STALE_features_zone@5m. Run migration 101 + refresh-lifecycle / backfill features before trusting results.
[backtest-pit-v2] BLOCKED_SYSTEM_QUALITY for EURUSD: features_zone@5m=STALE(15.47h>2h) | features_bias@5m=STALE_STATE, features_pricing@5m=STALE_STATE, features_atr@5m=STALE_STATE, features_zone@5m=PRODUCER_STALE | lifecycle_stale_features_zone, capability_STALE_STATE_features_bias@5m, capability_STALE_STATE_features_pricing@5m, capability_STALE_STATE_features_atr@5m, capability_PRODUCER_STALE_features_zone@5m. Run migration 101 + refresh-lifecycle / backfill features before trusting results.
[backtest-pit-v2] BLOCKED_SYSTEM_QUALITY for GBPUSD: features_zone@5m=STALE(15.18h>2h) | features_bias@5m=STALE_STATE, features_pricing@5m=STALE_STATE, features_atr@5m=STALE_STATE, features_zone@5m=PRODUCER_STALE | lifecycle_stale_features_zone, capability_STALE_STATE_features_bias@5m, capability_STALE_STATE_features_pricing@5m, capability_STALE_STATE_features_atr@5m, capability_PRODUCER_STALE_features_zone@5m. Run migration 101 + refresh-lifecycle / backfill features before trusting results.
[backtest-pit-v2] BLOCKED_SYSTEM_QUALITY for NZDUSD: features_zone@5m=STALE(19h>2h) | features_bias@5m=STALE_STATE, features_pricing@5m=STALE_STATE, features_atr@5m=STALE_STATE, features_zone@5m=PRODUCER_STALE | lifecycle_stale_features_zone, capability_STALE_STATE_features_bias@5m, capability_STALE_STATE_features_pricing@5m, capability_STALE_STATE_features_atr@5m, capability_PRODUCER_STALE_features_zone@5m. Run migration 101 + refresh-lifecycle / backfill features before trusting results.
[backtest-pit-v2] BLOCKED_SYSTEM_QUALITY for USDCAD: features_zone@5m=STALE(19h>2h) | features_bias@5m=STALE_STATE, features_pricing@5m=STALE_STATE, features_atr@5m=STALE_STATE, features_zone@5m=PRODUCER_STALE | lifecycle_stale_features_zone, capability_STALE_STATE_features_bias@5m, capability_STALE_STATE_features_pricing@5m, capability_STALE_STATE_features_atr@5m, capability_PRODUCER_STALE_features_zone@5m. Run migration 101 + refresh-lifecycle / backfill features before trusting results.
[backtest-pit-v2] BLOCKED_SYSTEM_QUALITY for USDCHF: features_zone@5m=STALE(19h>2h) | features_bias@5m=STALE_STATE, features_pricing@5m=STALE_STATE, features_atr@5m=STALE_STATE, features_zone@5m=PRODUCER_STALE | lifecycle_stale_features_zone, capability_STALE_STATE_features_bias@5m, capability_STALE_STATE_features_pricing@5m, capability_STALE_STATE_features_atr@5m, capability_PRODUCER_STALE_features_zone@5m. Run migration 101 + refresh-lifecycle / backfill features before trusting results.
[backtest-pit-v2] BLOCKED_SYSTEM_QUALITY for USDJPY: features_zone@5m=STALE(19h>2h) | features_bias@5m=STALE_STATE, features_pricing@5m=STALE_STATE, features_atr@5m=STALE_STATE, features_zone@5m=PRODUCER_STALE | lifecycle_stale_features_zone, capability_STALE_STATE_features_bias@5m, capability_STALE_STATE_features_pricing@5m, capability_STALE_STATE_features_atr@5m, capability_PRODUCER_STALE_features_zone@5m. Run migration 101 + refresh-lifecycle / backfill features before trusting results.
[backtest-pit-v2] BLOCKED_SYSTEM_QUALITY for USDSEK: features_zone@5m=STALE(19.02h>2h) | features_bias@5m=STALE_STATE, features_pricing@5m=STALE_STATE, features_atr@5m=STALE_STATE, features_zone@5m=PRODUCER_STALE | lifecycle_stale_features_zone, capability_STALE_STATE_features_bias@5m, capability_STALE_STATE_features_pricing@5m, capability_STALE_STATE_features_atr@5m, capability_PRODUCER_STALE_features_zone@5m. Run migration 101 + refresh-lifecycle / backfill features before trusting results.
[backtest-pit-v2] BLOCKED_SYSTEM_QUALITY for XAUUSD: features_bias@5m=STALE_STATE, features_pricing@5m=STALE_STATE, features_atr@5m=STALE_STATE, features_zone@5m=PRODUCER_STALE | capability_STALE_STATE_features_bias@5m, capability_STALE_STATE_features_pricing@5m, capability_STALE_STATE_features_atr@5m, capability_PRODUCER_STALE_features_zone@5m. Run migration 101 + refresh-lifecycle / backfill features before trusting results.
AUDUSD: BLOCKED_SYSTEM_QUALITY — run skipped (lifecycle_stale_features_zone, capability_STALE_STATE_features_bias@5m, capability_STALE_STATE_features_pricing@5m, capability_STALE_STATE_features_atr@5m, capability_PRODUCER_STALE_features_zone@5m)
EURUSD: BLOCKED_SYSTEM_QUALITY — run skipped (lifecycle_stale_features_zone, capability_STALE_STATE_features_bias@5m, capability_STALE_STATE_features_pricing@5m, capability_STALE_STATE_features_atr@5m, capability_PRODUCER_STALE_features_zone@5m)
GBPUSD: BLOCKED_SYSTEM_QUALITY — run skipped (lifecycle_stale_features_zone, capability_STALE_STATE_features_bias@5m, capability_STALE_STATE_features_pricing@5m, capability_STALE_STATE_features_atr@5m, capability_PRODUCER_STALE_features_zone@5m)
NZDUSD: BLOCKED_SYSTEM_QUALITY — run skipped (lifecycle_stale_features_zone, capability_STALE_STATE_features_bias@5m, capability_STALE_STATE_features_pricing@5m, capability_STALE_STATE_features_atr@5m, capability_PRODUCER_STALE_features_zone@5m)
USDCAD: BLOCKED_SYSTEM_QUALITY — run skipped (lifecycle_stale_features_zone, capability_STALE_STATE_features_bias@5m, capability_STALE_STATE_features_pricing@5m, capability_STALE_STATE_features_atr@5m, capability_PRODUCER_STALE_features_zone@5m)
USDCHF: BLOCKED_SYSTEM_QUALITY — run skipped (lifecycle_stale_features_zone, capability_STALE_STATE_features_bias@5m, capability_STALE_STATE_features_pricing@5m, capability_STALE_STATE_features_atr@5m, capability_PRODUCER_STALE_features_zone@5m)
USDJPY: BLOCKED_SYSTEM_QUALITY — run skipped (lifecycle_stale_features_zone, capability_STALE_STATE_features_bias@5m, capability_STALE_STATE_features_pricing@5m, capability_STALE_STATE_features_atr@5m, capability_PRODUCER_STALE_features_zone@5m)
USDSEK: BLOCKED_SYSTEM_QUALITY — run skipped (lifecycle_stale_features_zone, capability_STALE_STATE_features_bias@5m, capability_STALE_STATE_features_pricing@5m, capability_STALE_STATE_features_atr@5m, capability_PRODUCER_STALE_features_zone@5m)
XAUUSD: BLOCKED_SYSTEM_QUALITY — run skipped (capability_STALE_STATE_features_bias@5m, capability_STALE_STATE_features_pricing@5m, capability_STALE_STATE_features_atr@5m, capability_PRODUCER_STALE_features_zone@5m)

AGGREGATE: Trades=0 WR=0.0% NetR=0.00 RealizedR=0.00 AvgDrift=0.00p
